
> ott-dashboard@3.0.0 build
> next build

  Ôû▓ Next.js 14.2.33
  - Environments: .env.local
  - Experiments (use with caution):
    ┬À missingSuspenseWithCSRBailout

   Creating an optimized production build ...
 Ô£ô Compiled successfully
   Linting and checking validity of types ...

Failed to compile.

./app/dashboard/admin/database-view/page.js
41:9  Warning: The 'users' logical expression could make the dependencies of useMemo Hook (at line 96) change on every render. To fix this, wrap the initialization of 'users' in its own useMemo() Hook.  react-hooks/exhaustive-deps
43:9  Warning: The 'devices' logical expression could make the dependencies of useMemo Hook (at line 96) change on every render. To fix this, wrap the initialization of 'devices' in its own useMemo() Hook.  react-hooks/exhaustive-deps
43:9  Warning: The 'devices' logical expression could make the dependencies of useMemo Hook (at line 100) change on every render. To fix this, wrap the initialization of 'devices' in its own useMemo() Hook.  react-hooks/exhaustive-deps
43:9  Warning: The 'devices' logical expression could make the dependencies of useMemo Hook (at line 108) change on every render. To fix this, wrap the initialization of 'devices' in its own useMemo() Hook.  react-hooks/exhaustive-deps
44:9  Warning: The 'patients' logical expression could make the dependencies of useMemo Hook (at line 96) change on every render. To fix this, wrap the initialization of 'patients' in its own useMemo() Hook.  react-hooks/exhaustive-deps
45:9  Warning: The 'alerts' logical expression could make the dependencies of useMemo Hook (at line 53) change on every render. To fix this, wrap the initialization of 'alerts' in its own useMemo() Hook.  react-hooks/exhaustive-deps
45:9  Warning: The 'alerts' logical expression could make the dependencies of useMemo Hook (at line 96) change on every render. To fix this, wrap the initialization of 'alerts' in its own useMemo() Hook.  react-hooks/exhaustive-deps
46:9  Warning: The 'firmwares' logical expression could make the dependencies of useMemo Hook (at line 96) change on every render. To fix this, wrap the initialization of 'firmwares' in its own useMemo() Hook.  react-hooks/exhaustive-deps
47:9  Warning: The 'auditLogs' logical expression could make the dependencies of useMemo Hook (at line 96) change on every render. To fix this, wrap the initialization of 'auditLogs' in its own useMemo() Hook.  react-hooks/exhaustive-deps

./app/dashboard/alerts/page.js
22:9  Warning: The 'alerts' logical expression could make the dependencies of useMemo Hook (at line 28) change on every render. Move it inside the useMemo callback. Alternatively, wrap the initialization of 'alerts' in its own useMemo() Hook.  react-hooks/exhaustive-deps

./app/dashboard/commands/page.js
85:9  Warning: The 'commands' logical expression could make the dependencies of useMemo Hook (at line 200) change on every render. To fix this, wrap the initialization of 'commands' in its own useMemo() Hook.  react-hooks/exhaustive-deps
86:9  Warning: The 'devices' logical expression could make the dependencies of useEffect Hook (at line 93) change on every render. To fix this, wrap the initialization of 'devices' in its own useMemo() Hook.  react-hooks/exhaustive-deps

./app/dashboard/devices/page.js
374:9  Warning: The 'devices' logical expression could make the dependencies of useCallback Hook (at line 896) change on every render. To fix this, wrap the initialization of 'devices' in its own useMemo() Hook.  react-hooks/exhaustive-deps
374:9  Warning: The 'devices' logical expression could make the dependencies of useMemo Hook (at line 1712) change on every render. To fix this, wrap the initialization of 'devices' in its own useMemo() Hook.  react-hooks/exhaustive-deps
376:9  Warning: The 'firmwares' logical expression could make the dependencies of useMemo Hook (at line 1763) change on every render. Move it inside the useMemo callback. Alternatively, wrap the initialization of 'firmwares' in its own useMemo() Hook.  react-hooks/exhaustive-deps
1207:6  Warning: React Hook useEffect has a missing dependency: 'autoDetecting'. Either include it or remove the dependency array.  react-hooks/exhaustive-deps
1575:6  Warning: React Hook useEffect has unnecessary dependencies: 'usbDeviceInfo.config', 'usbDeviceInfo.device_name', 'usbDeviceInfo.device_serial', 'usbDeviceInfo.firmware_version', and 'usbDeviceInfo.sim_iccid'. Either exclude them or remove the dependency array. Outer scope values like 'usbDeviceInfo.sim_iccid' aren't valid dependencies because mutating them doesn't re-render the component.  react-hooks/exhaustive-deps

./app/dashboard/ota/page.js
28:9  Warning: The 'devices' logical expression could make the dependencies of useMemo Hook (at line 38) change on every render. Move it inside the useMemo callback. Alternatively, wrap the initialization of 'devices' in its own useMemo() Hook.  react-hooks/exhaustive-deps

./app/dashboard/page.js
28:9  Warning: The 'devices' logical expression could make the dependencies of useMemo Hook (at line 72) change on every render. To fix this, wrap the initialization of 'devices' in its own useMemo() Hook.  react-hooks/exhaustive-deps
28:9  Warning: The 'devices' logical expression could make the dependencies of useMemo Hook (at line 76) change on every render. To fix this, wrap the initialization of 'devices' in its own useMemo() Hook.  react-hooks/exhaustive-deps
28:9  Warning: The 'devices' logical expression could make the dependencies of useMemo Hook (at line 84) change on every render. To fix this, wrap the initialization of 'devices' in its own useMemo() Hook.  react-hooks/exhaustive-deps

./app/dashboard/patients/page.js
49:9  Warning: The 'allDevices' logical expression could make the dependencies of useMemo Hook (at line 53) change on every render. To fix this, wrap the initialization of 'allDevices' in its own useMemo() Hook.  react-hooks/exhaustive-deps
49:9  Warning: The 'allDevices' logical expression could make the dependencies of useMemo Hook (at line 58) change on every render. To fix this, wrap the initialization of 'allDevices' in its own useMemo() Hook.  react-hooks/exhaustive-deps
272:6  Warning: React Hook useCallback has a missing dependency: 'handleDelete'. Either include it or remove the dependency array.  react-hooks/exhaustive-deps

./components/configuration/DeviceConfigurationTab.js
21:9  Warning: The 'devices' logical expression could make the dependencies of useCallback Hook (at line 202) change on every render. To fix this, wrap the initialization of 'devices' in its own useMemo() Hook.  react-hooks/exhaustive-deps

./components/configuration/InoEditorTab.js
50:9  Warning: The 'firmwares' logical expression could make the dependencies of useMemo Hook (at line 67) change on every render. To fix this, wrap the initialization of 'firmwares' in its own useMemo() Hook.  react-hooks/exhaustive-deps
220:6  Warning: React Hook useCallback has missing dependencies: 'invalidateCache' and 'onUploadSuccess'. Either include them or remove the dependency array. If 'onUploadSuccess' changes too often, find the parent component that defines it and wrap that definition in useCallback.  react-hooks/exhaustive-deps
392:6  Warning: React Hook useCallback has unnecessary dependencies: 'API_URL' and 'fetchWithAuth'. Either exclude them or remove the dependency array.  react-hooks/exhaustive-deps
471:6  Warning: React Hook useCallback has missing dependencies: 'invalidateCache' and 'originalContent'. Either include them or remove the dependency array.  react-hooks/exhaustive-deps
581:6  Warning: React Hook useCallback has a missing dependency: 'invalidateCache'. Either include it or remove the dependency array.  react-hooks/exhaustive-deps
776:6  Warning: React Hook useCallback has a missing dependency: 'fetchWithAuth'. Either include it or remove the dependency array.  react-hooks/exhaustive-deps

./components/configuration/UsbStreamingTab.js
45:9  Warning: The 'allDevices' logical expression could make the dependencies of useMemo Hook (at line 646) change on every render. To fix this, wrap the initialization of 'allDevices' in its own useMemo() Hook.  react-hooks/exhaustive-deps
52:9  Warning: The 'allPatients' logical expression could make the dependencies of useCallback Hook (at line 640) change on every render. To fix this, wrap the initialization of 'allPatients' in its own useMemo() Hook.  react-hooks/exhaustive-deps
52:9  Warning: The 'allPatients' logical expression could make the dependencies of useMemo Hook (at line 646) change on every render. To fix this, wrap the initialization of 'allPatients' in its own useMemo() Hook.  react-hooks/exhaustive-deps
303:6  Warning: React Hook useEffect has missing dependencies: 'dbDeviceData', 'loadingDbData', 'usbDeviceInfo', and 'usbStreamLastMeasurement'. Either include them or remove the dependency array.  react-hooks/exhaustive-deps
933:50  Error: `"` can be escaped with `&quot;`, `&ldquo;`, `&#34;`, `&rdquo;`.  react/no-unescaped-entities
933:71  Error: `"` can be escaped with `&quot;`, `&ldquo;`, `&#34;`, `&rdquo;`.  react/no-unescaped-entities

./components/DeviceAutotest.js
18:9  Warning: The 'tests' array makes the dependencies of useCallback Hook (at line 123) change on every render. Move it inside the useCallback callback. Alternatively, wrap the initialization of 'tests' in its own useMemo() Hook.  react-hooks/exhaustive-deps

./components/DeviceModal.js
111:6  Warning: React Hook useEffect has a missing dependency: 'loadDeviceConfig'. Either include it or remove the dependency array.  react-hooks/exhaustive-deps

./components/FlashModal.js
475:6  Warning: React Hook useCallback has a missing dependency: 'addLog'. Either include it or remove the dependency array.  react-hooks/exhaustive-deps
533:6  Warning: React Hook useCallback has a missing dependency: 'addLog'. Either include it or remove the dependency array.  react-hooks/exhaustive-deps

./components/SerialPortManager.js
88:6  Warning: React Hook useEffect has a missing dependency: 'port'. Either include it or remove the dependency array.  react-hooks/exhaustive-deps
572:6  Warning: React Hook useCallback has a missing dependency: 'port'. Either include it or remove the dependency array.  react-hooks/exhaustive-deps

./components/UserPatientModal.js
169:6  Warning: React Hook useEffect has a missing dependency: 'loadNotificationPrefs'. Either include it or remove the dependency array.  react-hooks/exhaustive-deps

info  - Need to disable some ESLint rules? Learn more here: https://nextjs.org/docs/basic-features/eslint#disabling-rules
