
> ott-dashboard@3.0.0 build
> next build

  Ôû▓ Next.js 14.2.33
  - Environments: .env.local
  - Experiments (use with caution):
    ┬À missingSuspenseWithCSRBailout

   Creating an optimized production build ...
 Ô£ô Compiled successfully
   Linting and checking validity of types ...

Failed to compile.

./app/dashboard/admin/database-view/page.js
177:6  Warning: React Hook useEffect has a missing dependency: 'refetch'. Either include it or remove the dependency array.  react-hooks/exhaustive-deps
181:9  Warning: The 'users' logical expression could make the dependencies of useMemo Hook (at line 267) change on every render. To fix this, wrap the initialization of 'users' in its own useMemo() Hook.  react-hooks/exhaustive-deps
183:9  Warning: The 'devices' logical expression could make the dependencies of useMemo Hook (at line 267) change on every render. To fix this, wrap the initialization of 'devices' in its own useMemo() Hook.  react-hooks/exhaustive-deps
183:9  Warning: The 'devices' logical expression could make the dependencies of useMemo Hook (at line 271) change on every render. To fix this, wrap the initialization of 'devices' in its own useMemo() Hook.  react-hooks/exhaustive-deps
183:9  Warning: The 'devices' logical expression could make the dependencies of useMemo Hook (at line 279) change on every render. To fix this, wrap the initialization of 'devices' in its own useMemo() Hook.  react-hooks/exhaustive-deps
184:9  Warning: The 'patients' logical expression could make the dependencies of useMemo Hook (at line 267) change on every render. To fix this, wrap the initialization of 'patients' in its own useMemo() Hook.  react-hooks/exhaustive-deps
185:9  Warning: The 'alerts' logical expression could make the dependencies of useMemo Hook (at line 193) change on every render. To fix this, wrap the initialization of 'alerts' in its own useMemo() Hook.  react-hooks/exhaustive-deps
185:9  Warning: The 'alerts' logical expression could make the dependencies of useMemo Hook (at line 267) change on every render. To fix this, wrap the initialization of 'alerts' in its own useMemo() Hook.  react-hooks/exhaustive-deps
186:9  Warning: The 'firmwares' logical expression could make the dependencies of useMemo Hook (at line 267) change on every render. To fix this, wrap the initialization of 'firmwares' in its own useMemo() Hook.  react-hooks/exhaustive-deps
187:9  Warning: The 'auditLogs' logical expression could make the dependencies of useMemo Hook (at line 267) change on every render. To fix this, wrap the initialization of 'auditLogs' in its own useMemo() Hook.  react-hooks/exhaustive-deps

./app/dashboard/documentation/page.js
289:6  Warning: React Hook useCallback has a missing dependency: 'parseMarkdownForCharts'. Either include it or remove the dependency array.  react-hooks/exhaustive-deps

./app/dashboard/patients/page.js
49:9  Warning: The 'allDevices' logical expression could make the dependencies of useMemo Hook (at line 53) change on every render. To fix this, wrap the initialization of 'allDevices' in its own useMemo() Hook.  react-hooks/exhaustive-deps
49:9  Warning: The 'allDevices' logical expression could make the dependencies of useMemo Hook (at line 58) change on every render. To fix this, wrap the initialization of 'allDevices' in its own useMemo() Hook.  react-hooks/exhaustive-deps
272:6  Warning: React Hook useCallback has a missing dependency: 'handleDelete'. Either include it or remove the dependency array.  react-hooks/exhaustive-deps

./components/configuration/InoEditorTab.js
50:9  Warning: The 'firmwares' logical expression could make the dependencies of useMemo Hook (at line 67) change on every render. To fix this, wrap the initialization of 'firmwares' in its own useMemo() Hook.  react-hooks/exhaustive-deps
220:6  Warning: React Hook useCallback has missing dependencies: 'invalidateCache' and 'onUploadSuccess'. Either include them or remove the dependency array. If 'onUploadSuccess' changes too often, find the parent component that defines it and wrap that definition in useCallback.  react-hooks/exhaustive-deps
392:6  Warning: React Hook useCallback has unnecessary dependencies: 'API_URL' and 'fetchWithAuth'. Either exclude them or remove the dependency array.  react-hooks/exhaustive-deps
471:6  Warning: React Hook useCallback has missing dependencies: 'invalidateCache' and 'originalContent'. Either include them or remove the dependency array.  react-hooks/exhaustive-deps
581:6  Warning: React Hook useCallback has a missing dependency: 'invalidateCache'. Either include it or remove the dependency array.  react-hooks/exhaustive-deps
776:6  Warning: React Hook useCallback has a missing dependency: 'fetchWithAuth'. Either include it or remove the dependency array.  react-hooks/exhaustive-deps

./components/configuration/UsbStreamingTab.js
65:9  Warning: The 'allDevices' logical expression could make the dependencies of useEffect Hook (at line 169) change on every render. To fix this, wrap the initialization of 'allDevices' in its own useMemo() Hook.  react-hooks/exhaustive-deps
65:9  Warning: The 'allDevices' logical expression could make the dependencies of useMemo Hook (at line 1086) change on every render. To fix this, wrap the initialization of 'allDevices' in its own useMemo() Hook.  react-hooks/exhaustive-deps
377:6  Warning: React Hook useEffect has missing dependencies: 'notifyDevicesUpdated' and 'refetchDevices'. Either include them or remove the dependency array.  react-hooks/exhaustive-deps
397:9  Warning: The 'allPatients' logical expression could make the dependencies of useCallback Hook (at line 1080) change on every render. To fix this, wrap the initialization of 'allPatients' in its own useMemo() Hook.  react-hooks/exhaustive-deps
397:9  Warning: The 'allPatients' logical expression could make the dependencies of useMemo Hook (at line 1086) change on every render. To fix this, wrap the initialization of 'allPatients' in its own useMemo() Hook.  react-hooks/exhaustive-deps
537:6  Warning: React Hook useEffect has missing dependencies: 'API_URL', 'allDevices', 'fetchWithAuth', 'invalidateCache', 'refetchDevices', 'setUsbConnectedDevice', 'setUsbVirtualDevice', 'usbConnectedDevice', and 'usbDeviceInfo'. Either include them or remove the dependency array.  react-hooks/exhaustive-deps
743:6  Warning: React Hook useEffect has missing dependencies: 'dbDeviceData', 'loadingDbData', 'usbDeviceInfo', and 'usbStreamLastMeasurement'. Either include them or remove the dependency array.  react-hooks/exhaustive-deps
1372:65  Error: `'` can be escaped with `&apos;`, `&lsquo;`, `&#39;`, `&rsquo;`.  react/no-unescaped-entities

./components/DeviceModal.js
130:6  Warning: React Hook useEffect has missing dependencies: 'editingItem' and 'loadDeviceConfig'. Either include them or remove the dependency array.  react-hooks/exhaustive-deps

./components/FlashModal.js
475:6  Warning: React Hook useCallback has a missing dependency: 'addLog'. Either include it or remove the dependency array.  react-hooks/exhaustive-deps
533:6  Warning: React Hook useCallback has a missing dependency: 'addLog'. Either include it or remove the dependency array.  react-hooks/exhaustive-deps

./components/SerialPortManager.js
88:6  Warning: React Hook useEffect has a missing dependency: 'port'. Either include it or remove the dependency array.  react-hooks/exhaustive-deps
572:6  Warning: React Hook useCallback has a missing dependency: 'port'. Either include it or remove the dependency array.  react-hooks/exhaustive-deps

./components/UserPatientModal.js
169:6  Warning: React Hook useEffect has a missing dependency: 'loadNotificationPrefs'. Either include it or remove the dependency array.  react-hooks/exhaustive-deps

info  - Need to disable some ESLint rules? Learn more here: https://nextjs.org/docs/basic-features/eslint#disabling-rules
